exports[`test button default generates with correct styles 1`] = `
Object {
  "&:hover, &:focus": Object {
    "background": "tomato",
  },
  "background": "teal",
  "color": "white",
  "padding": "0.5rem",
}
`;

exports[`test font-size render with 20px - 1.25rem 1`] = `
Object {
  "@media (min-width: 60em)": Object {
    "font-size": "1.375rem",
  },
  "font-size": "1.25rem",
}
`;

exports[`test padding generates with small size 1`] = `
Object {
  "padding": "0.2rem 0.5rem",
}
`;
